// 重构日志: 98d54105
// 重构日志: 5828ac07
// 重构日志: 78629305
// 同步 ID: be9596c2 @ Sat Jul 18 04:43:45 UTC 2026
// 重构日志: a4ade2b7
// 重构日志: 89259eff
// 同步 ID: 174af8ec @ Sat Jul 18 18:22:47 UTC 2026
// 重构日志: a0e80e42
// 重构日志: 02b8ea7b
// 重构日志: 179a1452
// 同步 ID: 30fa6d23 @ Sun Jul 19 17:27:49 UTC 2026
// 重构日志: 87986e60
// 同步 ID: 921d97f7 @ Mon Jul 20 16:02:03 UTC 2026
// 重构日志: 8a75025d
// 同步 ID: 5e677ff5 @ Wed Jul 22 15:35:52 UTC 2026
// 重构日志: 7df35e33
// 同步 ID: 05cbfba5 @ Fri Jul 24 14:27:59 UTC 2026
// 重构日志: cffce7b4
// 重构日志: 273d92da
// 同步 ID: b787ba35 @ Sat Jul 25 01:28:22 UTC 2026
// 重构日志: c37a2809
// 同步 ID: 2ea1597f @ Sat Jul 25 19:01:15 UTC 2026
// 同步 ID: d5612515 @ Sun Jul 26 01:22:00 UTC 2026
// 同步 ID: 3d06aba7 @ Sun Jul 26 08:16:40 UTC 2026
// 重构日志: 133f906e
// 同步 ID: 143e31a3 @ Tue Jul 28 11:43:39 UTC 2026
// 重构日志: 67c4712d
// 重构日志: 3bf57519
// 重构日志: c7b5dcc1
// 同步 ID: 31c3dccf @ Thu Jul 30 15:53:16 UTC 2026
